// Vitest Snapshot v1, https://vitest.dev/guide/snapshot.html

exports[`App component > should match the initial snapshot 1`] = `
<div>
  <h1>
    To Do List :
  </h1>
  <form
    role="form"
  >
    <input
      name="To Do"
      placeholder="Insert Task"
      type="text"
      value=""
    />
    <input
      type="submit"
      value="Add Task"
    />
  </form>
  <ul />
  <p>
    You have 
    0
     
    tasks
     left
  </p>
</div>
`;
